=== RUN   TestHandleWebhook_AsyncDefaultResponseMode
2026/09/02 19:22:14 Γ£à Webhook registered: POST /user-signup (workflow=wf-async-default, test=false)
2026/09/02 19:22:14 ≡ƒôÑ Webhook request: POST / (test=false)
2026/09/02 19:22:14 ΓÜá∩╕Å  Webhook not found: POST / (test=false)
    handler_async_test.go:63: 
        	Error Trace:	C:/Users/HYPE R Series/OneDrive/workspace/m9m/internal/webhooks/handler_async_test.go:63
        	Error:      	Not equal: 
        	            	expected: 200
        	            	actual  : 404
        	Test:       	TestHandleWebhook_AsyncDefaultResponseMode
        	Messages:   	default responseMode must return 200 OK, not block on engine errors
    handler_async_test.go:65: 
        	Error Trace:	C:/Users/HYPE R Series/OneDrive/workspace/m9m/internal/webhooks/handler_async_test.go:65
        	Error:      	Not equal: 
        	            	expected: "application/json"
        	            	actual  : "text/plain; charset=utf-8"
        	            	
        	            	Diff:
        	            	--- Expected
        	            	+++ Actual
        	            	@@ -1 +1 @@
        	            	-application/json
        	            	+text/plain; charset=utf-8
        	Test:       	TestHandleWebhook_AsyncDefaultResponseMode
        	Messages:   	async ack must use JSON content-type
    handler_async_test.go:69: 
        	Error Trace:	C:/Users/HYPE R Series/OneDrive/workspace/m9m/internal/webhooks/handler_async_test.go:69
        	Error:      	Received unexpected error:
        	            	invalid character 'W' looking for beginning of value
        	Test:       	TestHandleWebhook_AsyncDefaultResponseMode
        	Messages:   	async ack body must be valid JSON
--- FAIL: TestHandleWebhook_AsyncDefaultResponseMode (0.00s)
=== RUN   TestHandleWebhook_AsyncViaOnReceivedResponseMode
2026/09/02 19:22:14 Γ£à Webhook registered: POST /on-received (workflow=wf-async-onreceived, test=false)
2026/09/02 19:22:14 ≡ƒôÑ Webhook request: POST / (test=false)
2026/09/02 19:22:14 ΓÜá∩╕Å  Webhook not found: POST / (test=false)
    handler_async_test.go:107: 
        	Error Trace:	C:/Users/HYPE R Series/OneDrive/workspace/m9m/internal/webhooks/handler_async_test.go:107
        	Error:      	Not equal: 
        	            	expected: 200
        	            	actual  : 404
        	Test:       	TestHandleWebhook_AsyncViaOnReceivedResponseMode
    handler_async_test.go:108: 
        	Error Trace:	C:/Users/HYPE R Series/OneDrive/workspace/m9m/internal/webhooks/handler_async_test.go:108
        	Error:      	"Webhook not found: /\n" does not contain "Workflow was started"
        	Test:       	TestHandleWebhook_AsyncViaOnReceivedResponseMode
--- FAIL: TestHandleWebhook_AsyncViaOnReceivedResponseMode (0.00s)
=== RUN   TestHandleWebhook_Async_HandlerReturnsBeforeEngine
2026/09/02 19:22:14 Γ£à Webhook registered: POST /slow (workflow=wf-async-timing, test=false)
2026/09/02 19:22:14 ≡ƒôÑ Webhook request: POST / (test=false)
2026/09/02 19:22:14 ΓÜá∩╕Å  Webhook not found: POST / (test=false)
    handler_async_test.go:168: engine was never invoked ΓÇö async path did not dispatch to engine
--- FAIL: TestHandleWebhook_Async_HandlerReturnsBeforeEngine (2.00s)
=== RUN   TestHandleWebhook_BlockingResponseMode_StillWaitsForEngine
2026/09/02 19:22:16 Γ£à Webhook registered: POST /blocking (workflow=wf-blocking, test=false)
2026/09/02 19:22:16 ≡ƒôÑ Webhook request: POST / (test=false)
2026/09/02 19:22:16 ΓÜá∩╕Å  Webhook not found: POST / (test=false)
    handler_async_test.go:226: 
        	Error Trace:	C:/Users/HYPE R Series/OneDrive/workspace/m9m/internal/webhooks/handler_async_test.go:226
        	Error:      	Not equal: 
        	            	expected: 200
        	            	actual  : 404
        	Test:       	TestHandleWebhook_BlockingResponseMode_StillWaitsForEngine
--- FAIL: TestHandleWebhook_BlockingResponseMode_StillWaitsForEngine (0.00s)
=== RUN   TestIsAsyncResponseMode
=== RUN   TestIsAsyncResponseMode/mode=
=== RUN   TestIsAsyncResponseMode/mode=onReceived
=== RUN   TestIsAsyncResponseMode/mode=lastNode
=== RUN   TestIsAsyncResponseMode/mode=responseNode
=== RUN   TestIsAsyncResponseMode/mode=someUnknownMode
--- PASS: TestIsAsyncResponseMode (0.00s)
    --- PASS: TestIsAsyncResponseMode/mode= (0.00s)
    --- PASS: TestIsAsyncResponseMode/mode=onReceived (0.00s)
    --- PASS: TestIsAsyncResponseMode/mode=lastNode (0.00s)
    --- PASS: TestIsAsyncResponseMode/mode=responseNode (0.00s)
    --- PASS: TestIsAsyncResponseMode/mode=someUnknownMode (0.00s)
=== RUN   TestHandler_ResponseShape_FirstEntryJson_WrapsAsArray
--- PASS: TestHandler_ResponseShape_FirstEntryJson_WrapsAsArray (0.00s)
=== RUN   TestHandler_ResponseShape_AllEntries_WrapsAsArray
--- PASS: TestHandler_ResponseShape_AllEntries_WrapsAsArray (0.00s)
=== RUN   TestHandler_ResponseShape_Empty_FirstEntryJson_ReturnsSuccessObject
--- PASS: TestHandler_ResponseShape_Empty_FirstEntryJson_ReturnsSuccessObject (0.00s)
=== RUN   TestHandler_ResponseShape_PreservesCustomHeaders
--- PASS: TestHandler_ResponseShape_PreservesCustomHeaders (0.00s)
=== RUN   TestHandler_ResponseShape_DefaultUnknownResponseData_WrapsAsArray
--- PASS: TestHandler_ResponseShape_DefaultUnknownResponseData_WrapsAsArray (0.00s)
=== RUN   TestMemoryWebhookStorage_SaveAndGetWebhook
--- PASS: TestMemoryWebhookStorage_SaveAndGetWebhook (0.00s)
=== RUN   TestMemoryWebhookStorage_SaveWebhook_EmptyID
--- PASS: TestMemoryWebhookStorage_SaveWebhook_EmptyID (0.00s)
=== RUN   TestMemoryWebhookStorage_SaveWebhook_PreservesCreatedAt
--- PASS: TestMemoryWebhookStorage_SaveWebhook_PreservesCreatedAt (0.00s)
=== RUN   TestMemoryWebhookStorage_GetWebhookByPath
--- PASS: TestMemoryWebhookStorage_GetWebhookByPath (0.00s)
=== RUN   TestMemoryWebhookStorage_GetWebhookByPath_TestFlag
--- PASS: TestMemoryWebhookStorage_GetWebhookByPath_TestFlag (0.00s)
=== RUN   TestMemoryWebhookStorage_ListWebhooks
--- PASS: TestMemoryWebhookStorage_ListWebhooks (0.00s)
=== RUN   TestMemoryWebhookStorage_DeleteWebhook
--- PASS: TestMemoryWebhookStorage_DeleteWebhook (0.00s)
=== RUN   TestMemoryWebhookStorage_DeleteWebhook_NotFound
--- PASS: TestMemoryWebhookStorage_DeleteWebhook_NotFound (0.00s)
=== RUN   TestMemoryWebhookStorage_GetWebhook_NotFound
--- PASS: TestMemoryWebhookStorage_GetWebhook_NotFound (0.00s)
=== RUN   TestMemoryWebhookStorage_SaveAndGetExecution
--- PASS: TestMemoryWebhookStorage_SaveAndGetExecution (0.00s)
=== RUN   TestMemoryWebhookStorage_SaveExecution_EmptyID
--- PASS: TestMemoryWebhookStorage_SaveExecution_EmptyID (0.00s)
=== RUN   TestMemoryWebhookStorage_GetExecution_NotFound
--- PASS: TestMemoryWebhookStorage_GetExecution_NotFound (0.00s)
=== RUN   TestMemoryWebhookStorage_ListExecutions
--- PASS: TestMemoryWebhookStorage_ListExecutions (0.00s)
=== RUN   TestMemoryWebhookStorage_ListExecutions_EmptyStore
--- PASS: TestMemoryWebhookStorage_ListExecutions_EmptyStore (0.00s)
=== RUN   TestWebhookManager_RegisterWebhook
2026/09/02 19:22:16 Γ£à Webhook registered: POST /my-hook (workflow=wf-1, test=false)
--- PASS: TestWebhookManager_RegisterWebhook (0.00s)
=== RUN   TestWebhookManager_RegisterWebhook_ExplicitValues
2026/09/02 19:22:16 Γ£à Webhook registered: PUT /explicit (workflow=wf-1, test=false)
--- PASS: TestWebhookManager_RegisterWebhook_ExplicitValues (0.00s)
=== RUN   TestWebhookManager_RegisterWebhook_Validation_MissingWorkflowID
--- PASS: TestWebhookManager_RegisterWebhook_Validation_MissingWorkflowID (0.00s)
=== RUN   TestWebhookManager_RegisterWebhook_Validation_MissingPath
--- PASS: TestWebhookManager_RegisterWebhook_Validation_MissingPath (0.00s)
=== RUN   TestWebhookManager_RegisterWebhook_InactiveNotCached
--- PASS: TestWebhookManager_RegisterWebhook_InactiveNotCached (0.00s)
=== RUN   TestWebhookManager_UnregisterWebhook
2026/09/02 19:22:16 Γ£à Webhook registered: POST /unreg (workflow=wf-1, test=false)
2026/09/02 19:22:16 Γ¥î Webhook unregistered: POST /unreg
--- PASS: TestWebhookManager_UnregisterWebhook (0.00s)
=== RUN   TestWebhookManager_UnregisterWebhook_NotFound
--- PASS: TestWebhookManager_UnregisterWebhook_NotFound (0.00s)
=== RUN   TestWebhookManager_GetWebhookByPath
2026/09/02 19:22:16 Γ£à Webhook registered: GET /by-path (workflow=wf-1, test=false)
--- PASS: TestWebhookManager_GetWebhookByPath (0.00s)
=== RUN   TestWebhookManager_GetWebhookByPath_NotFound
--- PASS: TestWebhookManager_GetWebhookByPath_NotFound (0.00s)
=== RUN   TestWebhookManager_GetWebhookByPath_TestVsProduction
2026/09/02 19:22:16 Γ£à Webhook registered: POST /dual (workflow=wf-1, test=false)
2026/09/02 19:22:16 Γ£à Webhook registered: POST /dual (workflow=wf-1, test=true)
--- PASS: TestWebhookManager_GetWebhookByPath_TestVsProduction (0.00s)
=== RUN   TestWebhookManager_ListWebhooks
2026/09/02 19:22:16 Γ£à Webhook registered: POST /a (workflow=wf-1, test=false)
2026/09/02 19:22:16 Γ£à Webhook registered: POST /b (workflow=wf-1, test=false)
2026/09/02 19:22:16 Γ£à Webhook registered: POST /c (workflow=wf-2, test=false)
--- PASS: TestWebhookManager_ListWebhooks (0.00s)
=== RUN   TestWebhookManager_LoadActiveWebhooks
2026/09/02 19:22:16 ≡ƒôí Loaded 1 active webhooks
--- PASS: TestWebhookManager_LoadActiveWebhooks (0.00s)
=== RUN   TestWebhookManager_LoadActiveWebhooks_EmptyStorage
2026/09/02 19:22:16 ≡ƒôí Loaded 0 active webhooks
--- PASS: TestWebhookManager_LoadActiveWebhooks_EmptyStorage (0.00s)
=== RUN   TestWebhookManager_ExecuteWebhook
2026/09/02 19:22:16 Γ£à Webhook registered: POST /exec (workflow=wf-exec, test=false)
--- PASS: TestWebhookManager_ExecuteWebhook (0.00s)
=== RUN   TestWebhookManager_ExecuteWebhook_WorkflowNotFound
--- PASS: TestWebhookManager_ExecuteWebhook_WorkflowNotFound (0.00s)
=== RUN   TestNormalizePath
=== RUN   TestNormalizePath/#00
=== RUN   TestNormalizePath//
=== RUN   TestNormalizePath//foo
=== RUN   TestNormalizePath/foo
=== RUN   TestNormalizePath/foo/bar
=== RUN   TestNormalizePath//foo/bar
--- PASS: TestNormalizePath (0.00s)
    --- PASS: TestNormalizePath/#00 (0.00s)
    --- PASS: TestNormalizePath// (0.00s)
    --- PASS: TestNormalizePath//foo (0.00s)
    --- PASS: TestNormalizePath/foo (0.00s)
    --- PASS: TestNormalizePath/foo/bar (0.00s)
    --- PASS: TestNormalizePath//foo/bar (0.00s)
=== RUN   TestMakeWebhookKey
--- PASS: TestMakeWebhookKey (0.00s)
=== RUN   TestIsWebhookNode
--- PASS: TestIsWebhookNode (0.00s)
=== RUN   TestGetStringParam
--- PASS: TestGetStringParam (0.00s)
=== RUN   TestWebhookManager_RegisterWorkflowWebhooks
2026/09/02 19:22:16 Γ£à Webhook registered: GET /hook-a (workflow=wf-multi, test=false)
2026/09/02 19:22:16 Γ£à Webhook registered: POST /hook-b (workflow=wf-multi, test=false)
    webhooks_test.go:688: 
        	Error Trace:	C:/Users/HYPE R Series/OneDrive/workspace/m9m/internal/webhooks/webhooks_test.go:688
        	Error:      	"[0x92e6275c1a0]" should have 2 item(s), but has 1
        	Test:       	TestWebhookManager_RegisterWorkflowWebhooks
--- FAIL: TestWebhookManager_RegisterWorkflowWebhooks (0.00s)
=== RUN   TestWebhookManager_RegisterWorkflowWebhooks_TestMode
--- PASS: TestWebhookManager_RegisterWorkflowWebhooks_TestMode (0.00s)
=== RUN   TestWebhookManager_UnregisterWorkflowWebhooks
2026/09/02 19:22:16 Γ£à Webhook registered: POST /unreg-a (workflow=wf-unreg-all, test=false)
2026/09/02 19:22:16 Γ£à Webhook registered: GET /unreg-b (workflow=wf-unreg-all, test=false)
    webhooks_test.go:758: 
        	Error Trace:	C:/Users/HYPE R Series/OneDrive/workspace/m9m/internal/webhooks/webhooks_test.go:758
        	Error:      	"[0x92e6275ca90]" should have 2 item(s), but has 1
        	Test:       	TestWebhookManager_UnregisterWorkflowWebhooks
        	Messages:   	should have two webhooks registered
2026/09/02 19:22:16 Γ¥î Webhook unregistered: GET /unreg-b
--- FAIL: TestWebhookManager_UnregisterWorkflowWebhooks (0.00s)
=== RUN   TestWebhookManager_prepareResponse_FirstEntryJson
--- PASS: TestWebhookManager_prepareResponse_FirstEntryJson (0.00s)
=== RUN   TestWebhookManager_prepareResponse_FirstEntryJson_Empty
--- PASS: TestWebhookManager_prepareResponse_FirstEntryJson_Empty (0.00s)
=== RUN   TestWebhookManager_prepareResponse_AllEntries
--- PASS: TestWebhookManager_prepareResponse_AllEntries (0.00s)
=== RUN   TestWebhookManager_prepareResponse_NoData
--- PASS: TestWebhookManager_prepareResponse_NoData (0.00s)
=== RUN   TestWebhookManager_prepareResponse_CustomHeaders
--- PASS: TestWebhookManager_prepareResponse_CustomHeaders (0.00s)
=== RUN   TestWebhookManager_prepareInputData
--- PASS: TestWebhookManager_prepareInputData (0.00s)
FAIL
FAIL	github.com/neul-labs/m9m/internal/webhooks	8.089s
=== RUN   TestCodeNodeCreation
--- PASS: TestCodeNodeCreation (0.00s)
=== RUN   TestCodeNodeValidateParameters
--- PASS: TestCodeNodeValidateParameters (0.00s)
=== RUN   TestCodeNodeExecuteWithEmptyInput
--- PASS: TestCodeNodeExecuteWithEmptyInput (0.00s)
=== RUN   TestCodeNodeExecuteJavaScript
--- PASS: TestCodeNodeExecuteJavaScript (0.00s)
=== RUN   TestCodeNodeExecutePython
--- PASS: TestCodeNodeExecutePython (0.00s)
=== RUN   TestCodeNodeExecuteGo
--- PASS: TestCodeNodeExecuteGo (0.00s)
=== RUN   TestCodeNodeExecuteWithInvalidLanguage
--- PASS: TestCodeNodeExecuteWithInvalidLanguage (0.00s)
=== RUN   TestCodeNodeExecuteWithMissingCode
--- PASS: TestCodeNodeExecuteWithMissingCode (0.00s)
=== RUN   TestCodeNodeImplementsNodeExecutor
--- PASS: TestCodeNodeImplementsNodeExecutor (0.00s)
=== RUN   TestFilterNodeCreation
--- PASS: TestFilterNodeCreation (0.00s)
=== RUN   TestFilterNodeValidateParameters
--- PASS: TestFilterNodeValidateParameters (0.00s)
=== RUN   TestFilterNodeExecuteWithEmptyInput
--- PASS: TestFilterNodeExecuteWithEmptyInput (0.00s)
=== RUN   TestFilterNodeExecuteEqualsCondition
--- PASS: TestFilterNodeExecuteEqualsCondition (0.00s)
=== RUN   TestFilterNodeExecuteMultipleConditionsAND
--- PASS: TestFilterNodeExecuteMultipleConditionsAND (0.00s)
=== RUN   TestFilterNodeExecuteMultipleConditionsOR
--- PASS: TestFilterNodeExecuteMultipleConditionsOR (0.00s)
=== RUN   TestFilterNodeExecuteContainsCondition
--- PASS: TestFilterNodeExecuteContainsCondition (0.00s)
=== RUN   TestFilterNodeExecuteGreaterThanCondition
--- PASS: TestFilterNodeExecuteGreaterThanCondition (0.00s)
=== RUN   TestFilterNodeImplementsNodeExecutor
--- PASS: TestFilterNodeImplementsNodeExecutor (0.00s)
=== RUN   TestFunctionNodeCreation
--- PASS: TestFunctionNodeCreation (0.00s)
=== RUN   TestFunctionNodeValidateParameters
--- PASS: TestFunctionNodeValidateParameters (0.00s)
=== RUN   TestFunctionNodeExecuteWithEmptyInput
--- PASS: TestFunctionNodeExecuteWithEmptyInput (0.00s)
=== RUN   TestFunctionNodeExecuteSimpleReturn
--- PASS: TestFunctionNodeExecuteSimpleReturn (0.01s)
=== RUN   TestFunctionNodeExecuteWithStringManipulation
--- PASS: TestFunctionNodeExecuteWithStringManipulation (0.00s)
=== RUN   TestFunctionNodeExecuteWithMathOperations
--- PASS: TestFunctionNodeExecuteWithMathOperations (0.00s)
=== RUN   TestFunctionNodeExecuteWithConditionalLogic
--- PASS: TestFunctionNodeExecuteWithConditionalLogic (0.00s)
=== RUN   TestFunctionNodeExecuteWithError
--- PASS: TestFunctionNodeExecuteWithError (0.00s)
=== RUN   TestFunctionNodeExecuteWithSyntaxError
--- PASS: TestFunctionNodeExecuteWithSyntaxError (0.00s)
=== RUN   TestFunctionNodeImplementsNodeExecutor
--- PASS: TestFunctionNodeImplementsNodeExecutor (0.00s)
=== RUN   TestIfNode_Execute
=== RUN   TestIfNode_Execute/filters_items_matching_condition
=== RUN   TestIfNode_Execute/returns_both_branches_when_requested
=== RUN   TestIfNode_Execute/empty_input
=== RUN   TestIfNode_Execute/or_combiner
=== RUN   TestIfNode_Execute/missing_conditions
=== RUN   TestIfNode_Execute/string_equals_condition
--- PASS: TestIfNode_Execute (0.00s)
    --- PASS: TestIfNode_Execute/filters_items_matching_condition (0.00s)
    --- PASS: TestIfNode_Execute/returns_both_branches_when_requested (0.00s)
    --- PASS: TestIfNode_Execute/empty_input (0.00s)
    --- PASS: TestIfNode_Execute/or_combiner (0.00s)
    --- PASS: TestIfNode_Execute/missing_conditions (0.00s)
    --- PASS: TestIfNode_Execute/string_equals_condition (0.00s)
=== RUN   TestIfNode_ValidateParameters
--- PASS: TestIfNode_ValidateParameters (0.00s)
=== RUN   TestIfNode_Description
--- PASS: TestIfNode_Description (0.00s)
=== RUN   TestItemListsNodeCreation
--- PASS: TestItemListsNodeCreation (0.00s)
=== RUN   TestItemListsNodeValidateParameters
--- PASS: TestItemListsNodeValidateParameters (0.00s)
=== RUN   TestItemListsNodeExecuteWithEmptyInput
--- PASS: TestItemListsNodeExecuteWithEmptyInput (0.00s)
=== RUN   TestItemListsNodeExecuteCombineMode
--- PASS: TestItemListsNodeExecuteCombineMode (0.00s)
=== RUN   TestItemListsNodeExecuteSplitMode
--- PASS: TestItemListsNodeExecuteSplitMode (0.00s)
=== RUN   TestItemListsNodeExecuteSplitModeWithoutItemsField
--- PASS: TestItemListsNodeExecuteSplitModeWithoutItemsField (0.00s)
=== RUN   TestItemListsNodeExecuteDefaultMode
--- PASS: TestItemListsNodeExecuteDefaultMode (0.00s)
=== RUN   TestItemListsNodeImplementsNodeExecutor
--- PASS: TestItemListsNodeImplementsNodeExecutor (0.00s)
=== RUN   TestLoopNode_Each
--- PASS: TestLoopNode_Each (0.00s)
=== RUN   TestLoopNode_EachEmpty
--- PASS: TestLoopNode_EachEmpty (0.00s)
=== RUN   TestLoopNode_Times
--- PASS: TestLoopNode_Times (0.00s)
=== RUN   TestLoopNode_TimesNegative
--- PASS: TestLoopNode_TimesNegative (0.00s)
=== RUN   TestLoopNode_TimesExceedsMax
--- PASS: TestLoopNode_TimesExceedsMax (0.00s)
=== RUN   TestLoopNode_While
=== RUN   TestLoopNode_While/basic_while_loop
=== RUN   TestLoopNode_While/false_from_start
=== RUN   TestLoopNode_While/missing_condition
=== RUN   TestLoopNode_While/invalid_condition_expression
--- PASS: TestLoopNode_While (0.00s)
    --- PASS: TestLoopNode_While/basic_while_loop (0.00s)
    --- PASS: TestLoopNode_While/false_from_start (0.00s)
    --- PASS: TestLoopNode_While/missing_condition (0.00s)
    --- PASS: TestLoopNode_While/invalid_condition_expression (0.00s)
=== RUN   TestLoopNode_DefaultMode
--- PASS: TestLoopNode_DefaultMode (0.00s)
=== RUN   TestLoopNode_InvalidMode
--- PASS: TestLoopNode_InvalidMode (0.00s)
=== RUN   TestLoopNode_ValidateParameters
--- PASS: TestLoopNode_ValidateParameters (0.00s)
=== RUN   TestLoopNode_Description
--- PASS: TestLoopNode_Description (0.00s)
=== RUN   TestSetNodeCreation
--- PASS: TestSetNodeCreation (0.00s)
=== RUN   TestSetNodeValidateParameters
--- PASS: TestSetNodeValidateParameters (0.00s)
=== RUN   TestSetNodeExecuteWithEmptyInput
--- PASS: TestSetNodeExecuteWithEmptyInput (0.00s)
=== RUN   TestSetNodeExecuteWithValidAssignments
--- PASS: TestSetNodeExecuteWithValidAssignments (0.00s)
=== RUN   TestSetNodeExecuteWithMultipleItems
--- PASS: TestSetNodeExecuteWithMultipleItems (0.00s)
=== RUN   TestSetNodeImplementsNodeExecutor
--- PASS: TestSetNodeImplementsNodeExecutor (0.00s)
=== RUN   TestSetNodeValidateNestedAssignments
--- PASS: TestSetNodeValidateNestedAssignments (0.00s)
=== RUN   TestSetNodeExecuteNestedAssignments
--- PASS: TestSetNodeExecuteNestedAssignments (0.00s)
=== RUN   TestSetNodeExecuteN8nExpressionNoDoubleWrap
=== RUN   TestSetNodeExecuteN8nExpressionNoDoubleWrap/leading_equals
=== RUN   TestSetNodeExecuteN8nExpressionNoDoubleWrap/already_wrapped
--- PASS: TestSetNodeExecuteN8nExpressionNoDoubleWrap (0.00s)
    --- PASS: TestSetNodeExecuteN8nExpressionNoDoubleWrap/leading_equals (0.00s)
    --- PASS: TestSetNodeExecuteN8nExpressionNoDoubleWrap/already_wrapped (0.00s)
=== RUN   TestSetNodeValidateEmptyOptions
--- PASS: TestSetNodeValidateEmptyOptions (0.00s)
=== RUN   TestSetNodeExecuteEmptyOptions
--- PASS: TestSetNodeExecuteEmptyOptions (0.00s)
=== RUN   TestSetNodeExecuteTypeCoercion_NumberFromString
--- PASS: TestSetNodeExecuteTypeCoercion_NumberFromString (0.00s)
=== RUN   TestSetNodeExecuteTypeCoercion_SumTwoStringsAsNumbers
--- PASS: TestSetNodeExecuteTypeCoercion_SumTwoStringsAsNumbers (0.00s)
=== RUN   TestSetNodeExecuteTypeCoercion_Boolean
=== RUN   TestSetNodeExecuteTypeCoercion_Boolean/lowercase_true
=== RUN   TestSetNodeExecuteTypeCoercion_Boolean/uppercase_TRUE
=== RUN   TestSetNodeExecuteTypeCoercion_Boolean/numeric_1
=== RUN   TestSetNodeExecuteTypeCoercion_Boolean/false_string
=== RUN   TestSetNodeExecuteTypeCoercion_Boolean/empty
--- PASS: TestSetNodeExecuteTypeCoercion_Boolean (0.00s)
    --- PASS: TestSetNodeExecuteTypeCoercion_Boolean/lowercase_true (0.00s)
    --- PASS: TestSetNodeExecuteTypeCoercion_Boolean/uppercase_TRUE (0.00s)
    --- PASS: TestSetNodeExecuteTypeCoercion_Boolean/numeric_1 (0.00s)
    --- PASS: TestSetNodeExecuteTypeCoercion_Boolean/false_string (0.00s)
    --- PASS: TestSetNodeExecuteTypeCoercion_Boolean/empty (0.00s)
=== RUN   TestSetNodeExecuteNoTypePreservesLegacyBehaviour
--- PASS: TestSetNodeExecuteNoTypePreservesLegacyBehaviour (0.00s)
=== RUN   TestSplitInBatchesNodeCreation
--- PASS: TestSplitInBatchesNodeCreation (0.00s)
=== RUN   TestSplitInBatchesNodeValidateParameters
--- PASS: TestSplitInBatchesNodeValidateParameters (0.00s)
=== RUN   TestSplitInBatchesNodeExecuteWithEmptyInput
--- PASS: TestSplitInBatchesNodeExecuteWithEmptyInput (0.00s)
=== RUN   TestSplitInBatchesNodeExecuteWithSmallBatchSize
--- PASS: TestSplitInBatchesNodeExecuteWithSmallBatchSize (0.00s)
=== RUN   TestSplitInBatchesNodeExecuteWithLargeBatchSize
--- PASS: TestSplitInBatchesNodeExecuteWithLargeBatchSize (0.00s)
=== RUN   TestSplitInBatchesNodeExecuteWithDefaultBatchSize
--- PASS: TestSplitInBatchesNodeExecuteWithDefaultBatchSize (0.00s)
=== RUN   TestSplitInBatchesNodeExecuteWithOptions
--- PASS: TestSplitInBatchesNodeExecuteWithOptions (0.00s)
=== RUN   TestSplitInBatchesNodeImplementsNodeExecutor
--- PASS: TestSplitInBatchesNodeImplementsNodeExecutor (0.00s)
=== RUN   TestSwitchValidateParameters_ConditionsAlias_Accepted
--- PASS: TestSwitchValidateParameters_ConditionsAlias_Accepted (0.00s)
=== RUN   TestSwitchValidateParameters_RulesAlias_StillAccepted
--- PASS: TestSwitchValidateParameters_RulesAlias_StillAccepted (0.00s)
=== RUN   TestSwitchValidateParameters_TypedMapSlice_Accepted
--- PASS: TestSwitchValidateParameters_TypedMapSlice_Accepted (0.00s)
=== RUN   TestSwitchValidateParameters_BothKeysProvided_PreferRules
--- PASS: TestSwitchValidateParameters_BothKeysProvided_PreferRules (0.00s)
=== RUN   TestSwitchValidateParameters_NeitherKeyPresent
--- PASS: TestSwitchValidateParameters_NeitherKeyPresent (0.00s)
=== RUN   TestSwitchValidateParameters_EmptyConditionsArray
--- PASS: TestSwitchValidateParameters_EmptyConditionsArray (0.00s)
=== RUN   TestExtractSwitchRules_InvalidShape
=== RUN   TestExtractSwitchRules_InvalidShape/nil_params
=== RUN   TestExtractSwitchRules_InvalidShape/empty_params
=== RUN   TestExtractSwitchRules_InvalidShape/rules_wrong_type
=== RUN   TestExtractSwitchRules_InvalidShape/conditions_wrong_type
=== RUN   TestExtractSwitchRules_InvalidShape/element_not_an_object
--- PASS: TestExtractSwitchRules_InvalidShape (0.00s)
    --- PASS: TestExtractSwitchRules_InvalidShape/nil_params (0.00s)
    --- PASS: TestExtractSwitchRules_InvalidShape/empty_params (0.00s)
    --- PASS: TestExtractSwitchRules_InvalidShape/rules_wrong_type (0.00s)
    --- PASS: TestExtractSwitchRules_InvalidShape/conditions_wrong_type (0.00s)
    --- PASS: TestExtractSwitchRules_InvalidShape/element_not_an_object (0.00s)
=== RUN   TestExtractSwitchRules_HappyPath
=== RUN   TestExtractSwitchRules_HappyPath/interface_slice_under_rules
=== RUN   TestExtractSwitchRules_HappyPath/interface_slice_under_conditions
=== RUN   TestExtractSwitchRules_HappyPath/typed_map_slice_under_conditions
--- PASS: TestExtractSwitchRules_HappyPath (0.00s)
    --- PASS: TestExtractSwitchRules_HappyPath/interface_slice_under_rules (0.00s)
    --- PASS: TestExtractSwitchRules_HappyPath/interface_slice_under_conditions (0.00s)
    --- PASS: TestExtractSwitchRules_HappyPath/typed_map_slice_under_conditions (0.00s)
PASS
ok  	github.com/neul-labs/m9m/internal/nodes/transform	4.402s
FAIL
